Resetting local database...
WARN: config section [inbucket] is deprecated. Please use [local_smtp] instead.
Recreating database...
Initialising schema...
Seeding globals from roles.sql...
Applying migration 20260226000001_initial_schema.sql...
Applying migration 20260226000002_indexes.sql...
Applying migration 20260226000003_functions.sql...
Applying migration 20260226000004_fix_profile_creation.sql...
Applying migration 20260226000005_league_invite_code.sql...
Applying migration 20260227000006_dynasty_rankings.sql...
Applying migration 20260227000007_draft_nomination_order.sql...
Applying migration 20260325000008_seed_lineup_slots.sql...
Applying migration 20260325000009_widen_playoff_week_constraint.sql...
Applying migration 20260325000010_seed_draft_picks.sql...
Applying migration 20260325000011_waiver_priorities_seed.sql...
Applying migration 20260325000012_push_tokens.sql...
Applying migration 20260325000013_daily_lineups.sql...
Applying migration 20260326000014_nba_api_migration.sql...
Applying migration 20260326000015_remove_preseason_games.sql...
Applying migration 20260327000016_sync_jobs.sql...
Applying migration 20260327000017_nullable_sportsdata_id.sql...
Applying migration 20260327000018_cron_jobs.sql...
Applying migration 20260327000019_cron_fn_credentials.sql...
Applying migration 20260327000020_rpc_missing_stats.sql...
Applying migration 20260328000001_vault_credentials.sql...
Applying migration 20260328000002_rls_helpers.sql...
Applying migration 20260328000003_rpc_join_league.sql...
Applying migration 20260328000004_rls_policies.sql...
Applying migration 20260328000005_schema_improvements.sql...
Applying migration 20260328000006_views.sql...
Applying migration 20260328000007_pgs_game_date.sql...
Applying migration 20260328000008_nba_game_scores.sql...
Applying migration 20260328000009_fix_scoring_fg_ft.sql...
Applying migration 20260329000001_backfill_headshots.sql...
Applying migration 20260329000002_clear_scrambled_injury_status.sql...
Applying migration 20260330000001_allow_anon_season_weeks.sql...
Applying migration 20260402000001_eligible_positions.sql...
Applying migration 20260403000001_remove_allstar_games.sql...
Applying migration 20260403000002_player_fantasy_averages_view.sql...
Applying migration 20260403000003_dedup_players.sql...
Applying migration 20260403000004_dedup_players_v2.sql...
Applying migration 20260404000001_player_years_exp.sql...
Applying migration 20260405000001_player_nba_draft_number.sql...
Applying migration 20260405000002_seed_2025_draft_order.sql...
Applying migration 20260405000003_seed_round3_draft_picks.sql...
Applying migration 20260407000001_taxi_squad.sql...
Applying migration 20260411000001_add_game_time.sql...
Applying migration 20260411000002_taxi_squad.sql...
Applying migration 20260422000001_matchups_rls.sql...
Applying migration 20260422000002_security_fixes.sql...
Applying migration 20260422000003_security_fixes_v2.sql...
Applying migration 20260422000004_move_pg_net.sql...
Applying migration 20260422000005_mv_player_invoker.sql...
Applying migration 20260424000001_fix_mv_player_permissions.sql...
Applying migration 20260424000002_fix_draft_picks_on_join.sql...
Applying migration 20260427000001_rpc_create_league.sql...
Applying migration 20260512000001_harden_roster_trades.sql...
Applying migration 20260512000002_server_authoritative_waiver_claims.sql...
Applying migration 20260512000003_link_snake_slots_to_pick_assets.sql...
Applying migration 20260512000004_server_authoritative_roster_placement.sql...
Applying migration 20260512000005_live_poll_advisory_lock.sql...
Applying migration 20260512000006_auction_draft_atomicity.sql...
Applying migration 20260512000007_atomic_waiver_processing.sql...
Applying migration 20260512000008_dynamic_league_lifecycle_rpcs.sql...
Applying migration 20260512000009_e2e_midlife_noop.sql...
Applying migration 20260512000010_fix_waiver_atomic_ambiguity.sql...
Applying migration 20260512000011_seed_league_waiver_priorities.sql...
Applying migration 20260512000012_enable_matchups_realtime.sql...
Applying migration 20260512000013_trade_veto_window_lifecycle.sql...
Applying migration 20260512000014_close_unavailable_auction_nomination.sql...
Applying migration 20260513000001_enable_draft_realtime.sql...
Applying migration 20260516000001_live_poll_lease_table.sql...
Applying migration 20260516091500_drop_player_atomic.sql...
Applying migration 20260516154651_drafts_one_open_per_season.sql...
Applying migration 20260516173100_clear_weekly_lineups_on_roster_moves.sql...
Applying migration 20260516180000_add_free_agent_atomic.sql...
Applying migration 20260516190000_restore_trade_veto_window.sql...
Applying migration 20260516200000_serialize_roster_mutations.sql...
Applying migration 20260516210000_unique_open_nomination_per_draft.sql...
Applying migration 20260516222106_make_snake_pick_atomic.sql...
Applying migration 20260516230000_atomic_ir_taxi_toggle.sql...
Applying migration 20260516240000_atomic_lineup_set.sql...
Applying migration 20260516260000_league_members_role_lockdown.sql...
Applying migration 20260516270000_trades_rls_lockdown.sql...
Applying migration 20260516280000_revoke_direct_write_rls.sql...
Applying migration 20260516280001_rls_escalation_lockdown.sql...
Applying migration 20260516290000_member_scope_lockdown.sql...
Applying migration 20260516290001_protect_push_token_column.sql...
Applying migration 20260516290002_trade_children_rls_lockdown.sql...
Applying migration 20260516300000_leagues_column_grants.sql...
Applying migration 20260516310000_revoke_definer_function_grants.sql...
Applying migration 20260516320000_revoke_league_lifecycle_grants.sql...
Applying migration 20260516330000_revoke_direct_insert_leagues_members.sql...
Applying migration 20260516340000_revoke_direct_insert_league_seasons.sql...
Applying migration 20260516350000_join_league_status_gate.sql...
Applying migration 20260516360000_advance_season_status_gate.sql...
Applying migration 20260516360001_update_league_settings_atomic.sql...
Applying migration 20260516360002_advance_season_grants.sql...
Applying migration 20260516360003_update_league_settings_grants.sql...
Applying migration 20260516370000_add_free_agent_status_gate.sql...
Applying migration 20260516370001_place_auction_bid_draft_status_gate.sql...
Applying migration 20260516380000_close_auction_nomination_draft_gate.sql...
Applying migration 20260516400000_rpc_status_gates_batch.sql...
Applying migration 20260516410000_atomic_lineup_slot_templates.sql...
Applying migration 20260606000000_propose_trade_atomic.sql...
Applying migration 20260606000001_accept_trade_atomic_with_drops.sql...
Applying migration 20260606000002_start_rookie_draft_atomic.sql...
Applying migration 20260606000003_trade_drop_reservations.sql...
Applying migration 20260606000004_reseed_rookie_draft_picks_atomic.sql...
Applying migration 20260606000005_backfill_game_attempts.sql...
Applying migration 20260606000006_expire_trade_completion_failure.sql...
Applying migration 20260606000007_require_snake_pick_asset_consumption.sql...
Applying migration 20260606000008_trade_lifecycle_and_pick_slot_guards.sql...
Applying migration 20260606000009_harden_trade_drop_reservations.sql...
Applying migration 20260606000010_veto_trade_atomic.sql...
Applying migration 20260606000011_bbref_team_codes.sql...
Applying migration 20260606000012_backfill_missing_attempts.sql...
Applying migration 20260606000013_prevent_active_over_cap.sql...
Applying migration 20260606000014_reserved_drop_roster_mutation_guards.sql...
Applying migration 20260606000015_rookie_completion_without_auto_activate.sql...
Applying migration 20260606000016_activate_rookie_draft_league_atomic.sql...
Applying migration 20260606000017_guard_reserved_and_inactive_trade_assets.sql...
Applying migration 20260606000018_restrict_name_only_player_merges.sql...
Applying migration 20260606000019_add_free_agent_lock_and_late_live_poll.sql...
Applying migration 20260606000020_waiver_clears_live_poll_cdn_ledger.sql...
Applying migration 20260606000021_waiver_expiry_taxi_rookie.sql...
Applying migration 20260606000022_roster_toggles_lock_order.sql...
Applying migration 20260606000023_drop_player_lock_order.sql...
Applying migration 20260606000024_scope_lineups_and_taxi_cleanup.sql...
Applying migration 20260606000025_atomic_waiver_claim_create.sql...
Applying migration 20260606000026_atomic_waiver_claim_cancel.sql...
Applying migration 20260608000001_lock_lineup_moves_after_tipoff.sql...
Applying migration 20260608000002_validate_lineup_slot_atomic.sql...
Applying migration 20260608000003_harden_auto_set_lineup_atomic.sql...
Applying migration 20260608000004_atomic_lineup_moves.sql...
Applying migration 20260608000005_weekly_lineup_date_week_contract.sql...
Applying migration 20260624000001_revoke_broad_client_mutation_grants.sql...
Applying migration 20260624000002_enable_rls_internal_tables.sql...
Applying migration 20260624000003_dynasty_rank_source_timestamps.sql...
Applying migration 20260626000001_schedule_annual_draft_order_sync.sql...
Applying migration 20260626000002_exclude_non_regular_nba_games.sql...
Applying migration 20260626000003_revoke_sync_jobs_client_read.sql...
Applying migration 20260626000004_add_withdrawn_nomination_status.sql...
Applying migration 20260626000005_withdraw_auction_nomination_rpc.sql...
Applying migration 20260626000006_index_foreign_keys.sql...
Applying migration 20260626000007_withdraw_deletes_nomination.sql...
Applying migration 20260626000008_draft_nomination_order_mode.sql...
Applying migration 20260626000009_widen_live_poll_window_dst.sql...
Applying migration 20260626000010_restore_function_search_path.sql...
Applying migration 20260626000011_merge_players_dedup_unique_tables.sql...
Applying migration 20260627000001_dynasty_trade_window.sql...
Applying migration 20260627000002_draft_stop_reset.sql...
Applying migration 20260627000003_scoring_cron_auction_startup.sql...
Applying migration 20260627000004_et_season_year_league_setup.sql...
Applying migration 20260627000005_auction_lifecycle.sql...
Applying migration 20260627000006_auction_auth_lock_order.sql...
Applying migration 20260627000007_auction_withdraw_auth.sql...
Applying migration 20260627000008_invite_trade_lineup_guards.sql...
Applying migration 20260627000009_roster_ownership_history.sql...
Applying migration 20260627000010_rookie_draft_ledger_budget_caps.sql...
Applying migration 20260627000011_lineup_current_season_guards.sql...
Applying migration 20260627000012_playoff_waiver_season_guards.sql...
Applying migration 20260627000013_playoff_bracket_freeze.sql...
Applying migration 20260627000014_playoff_schedule_trade_deadline.sql...
Applying migration 20260627000015_integration_db_lint.sql...
Applying migration 20260627000016_invite_code_security.sql...
Applying migration 20260627000017_rpc_json_array_caps.sql...
Applying migration 20260627000018_waiver_claim_privacy.sql...
Applying migration 20260627000019_profile_privacy_join_caps.sql...
Applying migration 20260627000020_trade_privacy.sql...
Applying migration 20260627000021_oracle_closure_free_agent_privacy.sql...
Applying migration 20260627000022_cron_waiver_privacy.sql...
Applying migration 20260627000023_drop_player_auth_guard.sql...
Applying migration 20260627000024_internal_edge_token_rookie_commissioner.sql...
Applying migration 20260627000025_neutral_rpc_helpers.sql...
Applying migration 20260627000026_compound_roster_actions.sql...
Applying migration 20260627000027_atomic_score_finalization.sql...
Applying migration 20260628000001_db_lint_unused_reads.sql...
Applying migration 20260628000002_service_role_select_grants.sql...
Applying migration 20260628000003_supabase_api_cron_cutover.sql...
Applying migration 20260628000004_edge_atomic_batches.sql...
Applying migration 20260628000005_edge_atomic_playoffs_and_trade_terminal.sql...
Applying migration 20260628000006_edge_waiver_batch_and_contracts.sql...
Applying migration 20260628000007_edge_cron_invoker_no_fallback.sql...
Applying migration 20260628000008_edge_atomic_playoffs.sql...
Applying migration 20260629000001_player_search_dynasty_news.sql...
Applying migration 20260630000001_hashtag_dynasty_rankings.sql...
Applying migration 20260630000002_replace_dynasty_rankings_rpc.sql...
Applying migration 20260630000003_dynasty_rankings_points_metadata.sql...
Applying migration 20260630000004_draft_pause_resume_audit.sql...
Applying migration 20260630000005_rookie_draft_server_timers.sql...
Applying migration 20260630000006_draft_config_mock_drafts.sql...
Applying migration 20260630000007_league_deletion.sql...
Applying migration 20260630000008_draft_timer_expiry_behavior.sql...
Applying migration 20260630000009_harden_dynasty_ranking_replacement_rpc.sql...
Applying migration 20260630000010_drop_superseded_snake_timer_index.sql...
Applying migration 20260630000011_draft_timer_schema_and_helpers.sql...
Applying migration 20260630000012_draft_start_rpcs.sql...
Applying migration 20260630000013_rookie_pick_rpcs.sql...
Applying migration 20260630000014_draft_lifecycle_rpcs.sql...
Applying migration 20260630000015_expired_snake_picks_and_grants.sql...
Applying migration 20260630000016_draft_pause_reason.sql...
Applying migration 20260630000017_delete_league_clears_pause_reason.sql...
Applying migration 20260630000018_draft_timer_lock_and_resume_guards.sql...
Applying migration 20260630000019_snake_pick_expiry_and_joinable_drafts.sql...
Applying migration 20260630000020_draft_scoped_expired_pick_processor.sql...
Applying migration 20260630000021_replay_dynasty_ranking_rpc.sql...
Applying migration 20260701000001_mock_draft_rooms_lineup_optimizer.sql...
Applying migration 20260701000002_fantasypros_projection_source.sql...
Applying migration 20260701000003_dynasty_transactions_schema.sql...
Applying migration 20260701000004_dynasty_waivers_and_add_limits.sql...
Applying migration 20260701000005_dynasty_trade_negotiation.sql...
Applying migration 20260701000006_dynasty_faab_balance_lifecycle.sql...
Applying migration 20260702000001_player_search_performance_cache.sql...
Applying migration 20260702000002_instant_app_read_indexes.sql...
Applying migration 20260702000003_instant_app_secondary_read_indexes.sql...
Applying migration 20260702000004_search_players_default_page_size.sql...
Applying migration 20260702000005_clear_db_lint_unused_variables.sql...
Applying migration 20260703000001_fresh_league_fantasy_avg_fallback.sql...
Applying migration 20260703000002_search_players_fp_no_pts_fallback.sql...
Applying migration 20260703000003_fresh_league_fantasy_avg_table.sql...
Applying migration 20260703000004_seed_fantasy_avgs_current_season_only.sql...
Applying migration 20260704000001_sync_runs.sql...
Applying migration 20260704000002_waiver_batch_try_lock.sql...
Applying migration 20260704000003_atomic_status_lineup_activation.sql...
Applying migration 20260704000004_free_agent_add_expired_waiver.sql...
Applying migration 20260704000005_rookie_draft_round_parity.sql...
Applying migration 20260704000006_avatars_storage_bucket.sql...
Applying migration 20260706000001_auction_presence_pause.sql...
Applying migration 20260707091800_remote_schema.sql...
Applying migration 20260707100000_fix_missing_profile_on_create_league.sql...
Applying migration 20260707110000_fix_create_league_invite_code.sql...
Applying migration 20260708000001_trade_window_feedback_rules.sql...
Applying migration 20260708000002_auction_unbeatable_bid_auto_award.sql...
Applying migration 20260708000003_trade_veto_configuration.sql...
Applying migration 20260708000004_multi_team_trades.sql...
Applying migration 20260708000005_shared_state_realtime.sql...
Applying migration 20260708000006_trade_child_realtime_league_ids.sql...
Applying migration 20260708000007_multi_team_reject_acceptance_guard.sql...
Applying migration 20260708000008_trade_veto_party_threshold_guard.sql...
Applying migration 20260708000009_trade_veto_party_self_guard.sql...
Applying migration 20260708000010_trade_rls_recursion_guard.sql...
Applying migration 20260708000011_realtime_private_channel_authorization.sql...
Applying migration 20260709100001_waiver_submission_policy_and_index.sql...
Applying migration 20260709100002_route_multi_team_trade_reservations.sql...
Applying migration 20260709100003_revoke_sensitive_anon_table_reads.sql...
Applying migration 20260709100004_constrain_projection_candidates.sql...
Applying migration 20260709100007_multi_team_trade_replacements.sql...
Applying migration 20260709100009_waiver_claim_processing.sql...
Applying migration 20260709100010_league_configuration_and_due_indexes.sql...
Applying migration 20260709100012_preserve_configured_trade_veto_window.sql...
Applying migration 20260709100013_trade_lifecycle_participant_results.sql...
Applying migration 20260709100014_trade_participant_acceptance.sql...
Applying migration 20260709100015_trade_offer_entrypoints.sql...
Applying migration 20260709100017_grant_trade_participant_reads.sql...
Applying migration 20260709100018_dynamic_league_future_picks.sql...
Applying migration 20260709100019_catalog_and_lifecycle_guards.sql...
Applying migration 20260709100022_trade_query_invoker_auth.sql...
Applying migration 20260709100023_cascade_league_child_routes.sql...
Applying migration 20260709100024_trade_route_and_feed_hardening.sql...
Applying migration 20260709100025_trade_page_refs_and_route_fks.sql...
Applying migration 20260709100026_index_pending_trade_feed.sql...
Applying migration 20260709100027_sleeper_lazy_roster_limits.sql...
Applying migration 20260709100028_trade_processor_error_escalation.sql...
Applying migration 20260709100029_canonical_accepted_trade_routes.sql...
Applying migration 20260709100030_drop_dominated_trade_feed_indexes.sql...
Applying migration 20260709100031_finalize_trade_route_and_index_ownership.sql...
Applying migration 20260709100032_canonical_trade_asset_acceptance_assertion.sql...
Applying migration 20260709100033_secure_trade_asset_acceptance_trigger.sql...
Applying migration 20260709100034_trade_terminal_failure_outbox.sql...
Applying migration 20260709100035_push_token_revocation_credentials.sql...
Applying migration 20260709100036_lineup_optimizer_service_authority.sql...
Applying migration 20260709100037_auth_profile_metadata.sql...
Applying migration 20260709100038_notification_receipt_delivery.sql...
Applying migration 20260709100039_transactional_trade_notifications.sql...
Applying migration 20260709100040_notification_receipt_outage_hardening.sql...
Applying migration 20260710110000_multi_team_participant_minimum.sql...
Applying migration 20260710120000_trade_notification_outbox_contract.sql...
Applying migration 20260710130000_profiles_push_token_lookup.sql...
Applying migration 20260710140000_durable_fenced_stats_sync_jobs.sql...
Applying migration 20260710150000_dead_letter_invalid_stats_sync_job_types.sql...
Applying migration 20260710170000_normalize_helper_function_acl.sql...
Applying migration 20260711000001_hoist_notification_preferences_rls_uid.sql...
Applying migration 20260711000002_drop_redundant_trades_league_index.sql...
Applying migration 20260814000001_gate_idle_cron_work.sql...
Applying migration 20260814000002_offseason_add_week_rollover.sql...
Applying migration 20260814000003_gate_lineup_optimizer_cron.sql...
Applying migration 20260814000004_stats_synced_at_fence.sql...
Applying migration 20260815000001_season_boundary_automation.sql...
Applying migration 20260815000002_offseason_rollover_completeness.sql...
Applying migration 20260815000003_offseason_trades_and_waiver_processing.sql...
Applying migration 20260815000004_retention_pruning.sql...
Applying migration 20260815000005_espn_player_source.sql...
Applying migration 20260815000006_offseason_waiver_wire_expiry.sql...
Applying migration 20260815000007_season_boundary_offseason_gate.sql...
Applying migration 20260815000008_offseason_add_week_and_coarse_positions.sql...
Applying migration 20260815000009_edge_invoker_url_vault_fallback.sql...
Applying migration 20260815000010_mock_room_delete_and_expiry.sql...
Applying migration 20260815000011_dynasty_news_ingestion.sql...
Applying migration 20260816000001_player_search_minutes_sort.sql...
Applying migration 20260816000002_dynasty_decision_inputs.sql...
Applying migration 20260816000003_dynasty_decision_contract_metadata.sql...
Applying migration 20260817000001_dynasty_ranking_views.sql...
Applying migration 20260817000002_dynasty_ranking_view_cron.sql...
Applying migration 20260817000003_points_dynasty_rankings.sql...
Applying migration 20260817000004_dynasty_forecast_views.sql...
Applying migration 20260817000005_remove_legacy_dynasty_rankings.sql...
Applying migration 20260823000001_search_players_custom_plan.sql...
WARN: no files matched pattern: supabase/seed.sql
Restarting containers...
Finished supabase db reset on branch main.
{"target":"local","version":"","message":"Reset local database."}
exit 0
